>>> Starting Agent Boot Sequence...
[1/6] Checking User Account               [OK]
   ... Running as service user 'heejun_kim' (uid=1000)
[2/6] Verifying Environment Variables     [OK]
   ... All required Envs correct
[3/6] Checking Required Files             [OK]
   ... Verified 'secret.key' with correct key string.
[4/6] Checking Port Availability          [OK]
   ... Port 15034 is available.
[5/6] Verifying Log Permission            [OK]
   ... Log directory is writable: /tmp/agent-leak-lab/logs
[6/6] Verifying Mission Environment       [OK]
   ... MEMORY_LIMIT=512MB, CPU_MAX_OCCUPY=30%, MULTI_THREAD_ENABLE=False
------------------------------------------------------------
All Boot Checks Passed!
Agent READY
2026-06-07 21:07:24,004 [INFO] [SafetyGuard] Process priority lowered (nice=10).
2026-06-07 21:07:24,004 [INFO] Agent listening at port 15034

==================================================
 [ Agent Initiate ] Resource Check 
==================================================
 [ MEMORY ] Limit: 512MB 		[ OK ]
 [ CPU    ] Limit: 30%  		[ OK ]
 [ THREAD ] Concurrency: False 		[ OK ]
--------------------------------------------------
 >>> SYSTEM STATUS: STABLE. STARTING WORKLOAD MONITORING...
==================================================

2026-06-07 21:07:26,015 [INFO] >>> Scenario Selected: [Healthy System Monitoring]

>>> [SYSTEM] ALL CONFIGURATIONS OPTIMAL. RUNNING STABILITY TEST... <<<

2026-06-07 21:07:26,016 [INFO] [Scheduler] Task Scheduler Initialized.
2026-06-07 21:07:26,017 [INFO] [Scheduler] Registered Tasks: ['Thread-A', 'Thread-B', 'Thread-C']
2026-06-07 21:07:26,017 [INFO] [Scheduler] Starting task execution...
2026-06-07 21:07:26,017 [INFO] [Thread-B] Task Started. Calculating... (20%)
2026-06-07 21:07:26,068 [INFO] [Thread-B] Calculating... (40%)
2026-06-07 21:07:26,119 [INFO] [Thread-B] Calculating... (60%)
2026-06-07 21:07:26,169 [INFO] [Thread-B] Calculating... (80%)
2026-06-07 21:07:26,220 [INFO] [Thread-B] Task Completed. (100%)
2026-06-07 21:07:26,271 [INFO] [Thread-C] Task Started. Calculating... (20%)
2026-06-07 21:07:26,322 [INFO] [Thread-C] Calculating... (40%)
2026-06-07 21:07:26,372 [INFO] [Thread-C] Calculating... (60%)
2026-06-07 21:07:26,423 [INFO] [Thread-C] Calculating... (80%)
2026-06-07 21:07:26,474 [INFO] [Thread-C] Task Completed. (100%)
2026-06-07 21:07:26,525 [INFO] [Thread-A] Task Started. Calculating... (20%)
2026-06-07 21:07:26,575 [INFO] [Thread-A] Calculating... (40%)
2026-06-07 21:07:26,626 [INFO] [Thread-A] Calculating... (60%)
2026-06-07 21:07:26,677 [INFO] [Thread-A] Calculating... (80%)
2026-06-07 21:07:26,728 [INFO] [Thread-A] Task Completed. (100%)
2026-06-07 21:07:26,779 [INFO] [Scheduler] All tasks completed.
2026-06-07 21:07:26,784 [INFO] [MemoryWorker] Current Heap: 25MB
2026-06-07 21:07:26,785 [INFO] [CpuWorker] Started. Maximum CPU Limit: 30%
2026-06-07 21:07:26,785 [INFO] [CpuWorker] Current Load: 5.00%
2026-06-07 21:07:29,808 [INFO] [MemoryWorker] Current Heap: 50MB
2026-06-07 21:07:29,901 [INFO] [CpuWorker] Current Load: 14.98%
2026-06-07 21:07:32,831 [INFO] [MemoryWorker] Current Heap: 75MB
2026-06-07 21:07:33,017 [INFO] [CpuWorker] Current Load: 16.68%
2026-06-07 21:07:35,856 [INFO] [MemoryWorker] Current Heap: 100MB
2026-06-07 21:07:36,132 [INFO] [CpuWorker] Current Load: 24.76%
2026-06-07 21:07:38,883 [INFO] [MemoryWorker] Current Heap: 125MB
2026-06-07 21:07:39,248 [INFO] [CpuWorker] Current Load: 28.17%
