>>> Starting Agent Boot Sequence...
[1/6] Checking User Account               [OK]
   ... Running as service user 'heejun_kim' (uid=1000)
[2/6] Verifying Environment Variables     [OK]
   ... All required Envs correct
[3/6] Checking Required Files             [OK]
   ... Verified 'secret.key' with correct key string.
[4/6] Checking Port Availability          [OK]
   ... Port 15034 is available.
[5/6] Verifying Log Permission            [OK]
   ... Log directory is writable: /tmp/agent-leak-lab/logs
[6/6] Verifying Mission Environment       [OK]
   ... MEMORY_LIMIT=512MB, CPU_MAX_OCCUPY=30%, MULTI_THREAD_ENABLE=False
------------------------------------------------------------
All Boot Checks Passed!
Agent READY
2026-06-07 21:07:42,561 [INFO] [SafetyGuard] Process priority lowered (nice=10).
2026-06-07 21:07:42,561 [INFO] Agent listening at port 15034

==================================================
 [ Agent Initiate ] Resource Check 
==================================================
 [ MEMORY ] Limit: 512MB 		[ OK ]
 [ CPU    ] Limit: 30%  		[ OK ]
 [ THREAD ] Concurrency: False 		[ OK ]
--------------------------------------------------
 >>> SYSTEM STATUS: STABLE. STARTING WORKLOAD MONITORING...
==================================================

2026-06-07 21:07:44,571 [INFO] >>> Scenario Selected: [Healthy System Monitoring]

>>> [SYSTEM] ALL CONFIGURATIONS OPTIMAL. RUNNING STABILITY TEST... <<<

2026-06-07 21:07:44,572 [INFO] [Scheduler] Task Scheduler Initialized.
2026-06-07 21:07:44,572 [INFO] [Scheduler] Registered Tasks: ['Thread-A', 'Thread-B', 'Thread-C']
2026-06-07 21:07:44,573 [INFO] [Scheduler] Starting task execution...
2026-06-07 21:07:44,573 [INFO] [Thread-B] Task Started. Calculating... (20%)
2026-06-07 21:07:44,623 [INFO] [Thread-B] Calculating... (40%)
2026-06-07 21:07:44,674 [INFO] [Thread-B] Calculating... (60%)
2026-06-07 21:07:44,725 [INFO] [Thread-B] Calculating... (80%)
2026-06-07 21:07:44,776 [INFO] [Thread-B] Task Completed. (100%)
2026-06-07 21:07:44,827 [INFO] [Thread-C] Task Started. Calculating... (20%)
2026-06-07 21:07:44,878 [INFO] [Thread-C] Calculating... (40%)
2026-06-07 21:07:44,928 [INFO] [Thread-C] Calculating... (60%)
2026-06-07 21:07:44,979 [INFO] [Thread-C] Calculating... (80%)
2026-06-07 21:07:45,030 [INFO] [Thread-C] Task Completed. (100%)
2026-06-07 21:07:45,081 [INFO] [Thread-A] Task Started. Calculating... (20%)
2026-06-07 21:07:45,132 [INFO] [Thread-A] Calculating... (40%)
2026-06-07 21:07:45,182 [INFO] [Thread-A] Calculating... (60%)
2026-06-07 21:07:45,233 [INFO] [Thread-A] Calculating... (80%)
2026-06-07 21:07:45,284 [INFO] [Thread-A] Task Completed. (100%)
2026-06-07 21:07:45,335 [INFO] [Scheduler] All tasks completed.
2026-06-07 21:07:45,340 [INFO] [MemoryWorker] Current Heap: 25MB
2026-06-07 21:07:45,341 [INFO] [CpuWorker] Started. Maximum CPU Limit: 30%
2026-06-07 21:07:45,341 [INFO] [CpuWorker] Current Load: 5.00%
2026-06-07 21:07:48,361 [INFO] [MemoryWorker] Current Heap: 50MB
2026-06-07 21:07:48,453 [INFO] [CpuWorker] Current Load: 7.60%
2026-06-07 21:07:51,384 [INFO] [MemoryWorker] Current Heap: 75MB
2026-06-07 21:07:51,569 [INFO] [CpuWorker] Current Load: 12.49%
