>>> Starting Agent Boot Sequence...
[1/6] Checking User Account               [OK]
   ... Running as service user 'heejun_kim' (uid=1000)
[2/6] Verifying Environment Variables     [OK]
   ... All required Envs correct
[3/6] Checking Required Files             [OK]
   ... Verified 'secret.key' with correct key string.
[4/6] Checking Port Availability          [OK]
   ... Port 15034 is available.
[5/6] Verifying Log Permission            [OK]
   ... Log directory is writable: /tmp/agent-leak-lab/logs
[6/6] Verifying Mission Environment       [OK]
   ... MEMORY_LIMIT=512MB, CPU_MAX_OCCUPY=95%, MULTI_THREAD_ENABLE=False
------------------------------------------------------------
All Boot Checks Passed!
Agent READY
2026-06-07 21:04:56,721 [INFO] [SafetyGuard] Process priority lowered (nice=10).
2026-06-07 21:04:56,722 [INFO] Agent listening at port 15034

==================================================
 [ Agent Initiate ] Resource Check 
==================================================
 [ MEMORY ] Limit: 512MB 		[ OK ]
 [ CPU    ] Limit: 95%  		[ WARNING: Recommend Under 50% ]
 [ THREAD ] Concurrency: False 		[ OK ]
--------------------------------------------------
 >>> SYSTEM STATUS: STABLE. STARTING WORKLOAD MONITORING...
==================================================

2026-06-07 21:04:58,732 [INFO] [CpuWorker] Started. Maximum CPU Limit: 95%
2026-06-07 21:04:58,732 [INFO] [CpuWorker] Current Load: 5.00%
2026-06-07 21:05:01,847 [INFO] [CpuWorker] Current Load: 14.80%
2026-06-07 21:05:04,963 [INFO] [CpuWorker] Current Load: 20.04%
2026-06-07 21:05:08,078 [INFO] [CpuWorker] Current Load: 22.73%
2026-06-07 21:05:11,194 [INFO] [CpuWorker] Current Load: 32.49%
2026-06-07 21:05:14,307 [INFO] [CpuWorker] Current Load: 36.25%
2026-06-07 21:05:17,423 [INFO] [CpuWorker] Current Load: 37.49%
2026-06-07 21:05:20,540 [INFO] [CpuWorker] Current Load: 38.66%
2026-06-07 21:05:23,656 [INFO] [CpuWorker] Current Load: 41.98%
2026-06-07 21:05:26,772 [INFO] [CpuWorker] Current Load: 47.63%
2026-06-07 21:05:29,887 [INFO] [CpuWorker] Current Load: 54.56%
2026-06-07 21:05:29,988 [CRITICAL] [CpuWorker] CPU Threshold Violated! (54.56%).
