>>> [BOOT] 정상 부트(6/6 통과) 캡처
>>> [BOOT] 실패 케이스 1: MEMORY_LIMIT 범위 위반(40, 허용 50~512)
>>> [BOOT] 실패 케이스 2: secret.key 내용 불일치
>>> [BOOT] 실패 케이스 3: AGENT_PORT 고정값(15034) 위반
>>> [BOOT] 완료. 증거: /mnt/d/Projects/Github/ai-assignment/evidence/boot/
>>> [OOM] before 런: MEMORY_LIMIT=128 (종료 관측)
[2026-06-07 21:02:16] PROCESS:agent-leak-app CPU:0.0% MEM:0.0% RSS:2MB DISK:950G FIREWALL:inactive
[2026-06-07 21:02:18] PROCESS:agent-leak-app CPU:3.4% MEM:0.0% RSS:18MB DISK:950G FIREWALL:inactive
[2026-06-07 21:02:20] PROCESS:agent-leak-app CPU:1.9% MEM:0.1% RSS:42MB DISK:950G FIREWALL:inactive
[2026-06-07 21:02:22] PROCESS:agent-leak-app CPU:1.6% MEM:0.2% RSS:68MB DISK:950G FIREWALL:inactive
[2026-06-07 21:02:24] PROCESS:agent-leak-app CPU:1.2% MEM:0.2% RSS:68MB DISK:950G FIREWALL:inactive
[2026-06-07 21:02:26] PROCESS:agent-leak-app CPU:0.9% MEM:0.3% RSS:92MB DISK:950G FIREWALL:inactive
[2026-06-07 21:02:28] PROCESS:agent-leak-app CPU:0.9% MEM:0.3% RSS:118MB DISK:950G FIREWALL:inactive
[2026-06-07 21:02:30] PROCESS:agent-leak-app CPU:0.7% MEM:0.3% RSS:118MB DISK:950G FIREWALL:inactive
[2026-06-07 21:02:32] PROCESS:agent-leak-app CPU:0.7% MEM:0.4% RSS:142MB DISK:950G FIREWALL:inactive
/mnt/d/Projects/Github/ai-assignment/scripts/run_oom.sh: line 33:  1055 Killed                  "$APP" > "$OUT/app_${tag}.log" 2>&1
[2026-06-07 21:02:34] PROCESS:agent-leak-app STATUS:NOT_RUNNING (프로세스 종료 감지)
>>> [OOM] mid 런: MEMORY_LIMIT=256 (종료 관측)
[2026-06-07 21:02:36] PROCESS:agent-leak-app CPU:0.0% MEM:0.0% RSS:2MB DISK:950G FIREWALL:inactive
[2026-06-07 21:02:38] PROCESS:agent-leak-app CPU:3.9% MEM:0.0% RSS:17MB DISK:950G FIREWALL:inactive
[2026-06-07 21:02:40] PROCESS:agent-leak-app CPU:1.9% MEM:0.1% RSS:42MB DISK:950G FIREWALL:inactive
[2026-06-07 21:02:42] PROCESS:agent-leak-app CPU:1.4% MEM:0.2% RSS:67MB DISK:950G FIREWALL:inactive
[2026-06-07 21:02:44] PROCESS:agent-leak-app CPU:1.1% MEM:0.2% RSS:67MB DISK:950G FIREWALL:inactive
[2026-06-07 21:02:46] PROCESS:agent-leak-app CPU:0.9% MEM:0.3% RSS:92MB DISK:950G FIREWALL:inactive
[2026-06-07 21:02:48] PROCESS:agent-leak-app CPU:0.8% MEM:0.3% RSS:117MB DISK:950G FIREWALL:inactive
[2026-06-07 21:02:50] PROCESS:agent-leak-app CPU:0.7% MEM:0.3% RSS:117MB DISK:950G FIREWALL:inactive
[2026-06-07 21:02:52] PROCESS:agent-leak-app CPU:0.7% MEM:0.4% RSS:142MB DISK:950G FIREWALL:inactive
[2026-06-07 21:02:54] PROCESS:agent-leak-app CPU:0.6% MEM:0.5% RSS:167MB DISK:950G FIREWALL:inactive
[2026-06-07 21:02:56] PROCESS:agent-leak-app CPU:0.6% MEM:0.6% RSS:192MB DISK:950G FIREWALL:inactive
[2026-06-07 21:02:58] PROCESS:agent-leak-app CPU:0.6% MEM:0.6% RSS:192MB DISK:950G FIREWALL:inactive
[2026-06-07 21:03:00] PROCESS:agent-leak-app CPU:0.6% MEM:0.7% RSS:217MB DISK:950G FIREWALL:inactive
[2026-06-07 21:03:02] PROCESS:agent-leak-app CPU:0.5% MEM:0.8% RSS:242MB DISK:950G FIREWALL:inactive
[2026-06-07 21:03:05] PROCESS:agent-leak-app CPU:0.5% MEM:0.8% RSS:242MB DISK:950G FIREWALL:inactive
[2026-06-07 21:03:07] PROCESS:agent-leak-app CPU:0.5% MEM:0.8% RSS:267MB DISK:950G FIREWALL:inactive
/mnt/d/Projects/Github/ai-assignment/scripts/run_oom.sh: line 33:  1217 Killed                  "$APP" > "$OUT/app_${tag}.log" 2>&1
[2026-06-07 21:03:09] PROCESS:agent-leak-app STATUS:NOT_RUNNING (프로세스 종료 감지)
>>> [OOM] after 런: MEMORY_LIMIT=512 (생존 관측 100s)
[2026-06-07 21:03:11] PROCESS:agent-leak-app CPU:0.0% MEM:0.0% RSS:2MB DISK:950G FIREWALL:inactive
[2026-06-07 21:03:14] PROCESS:agent-leak-app CPU:2.9% MEM:0.1% RSS:42MB DISK:950G FIREWALL:inactive
[2026-06-07 21:03:17] PROCESS:agent-leak-app CPU:1.6% MEM:0.2% RSS:68MB DISK:950G FIREWALL:inactive
[2026-06-07 21:03:20] PROCESS:agent-leak-app CPU:1.2% MEM:0.3% RSS:92MB DISK:950G FIREWALL:inactive
[2026-06-07 21:03:23] PROCESS:agent-leak-app CPU:1.1% MEM:0.3% RSS:118MB DISK:950G FIREWALL:inactive
[2026-06-07 21:03:26] PROCESS:agent-leak-app CPU:1.0% MEM:0.4% RSS:142MB DISK:950G FIREWALL:inactive
[2026-06-07 21:03:29] PROCESS:agent-leak-app CPU:1.0% MEM:0.5% RSS:168MB DISK:950G FIREWALL:inactive
[2026-06-07 21:03:32] PROCESS:agent-leak-app CPU:1.1% MEM:0.6% RSS:192MB DISK:950G FIREWALL:inactive
[2026-06-07 21:03:35] PROCESS:agent-leak-app CPU:1.1% MEM:0.7% RSS:218MB DISK:950G FIREWALL:inactive
[2026-06-07 21:03:38] PROCESS:agent-leak-app CPU:1.0% MEM:0.8% RSS:242MB DISK:950G FIREWALL:inactive
[2026-06-07 21:03:41] PROCESS:agent-leak-app CPU:1.1% MEM:0.8% RSS:268MB DISK:950G FIREWALL:inactive
[2026-06-07 21:03:44] PROCESS:agent-leak-app CPU:1.1% MEM:0.9% RSS:292MB DISK:950G FIREWALL:inactive
[2026-06-07 21:03:47] PROCESS:agent-leak-app CPU:1.1% MEM:1.0% RSS:318MB DISK:950G FIREWALL:inactive
[2026-06-07 21:03:50] PROCESS:agent-leak-app CPU:1.1% MEM:1.1% RSS:342MB DISK:950G FIREWALL:inactive
[2026-06-07 21:03:53] PROCESS:agent-leak-app CPU:1.1% MEM:1.2% RSS:368MB DISK:950G FIREWALL:inactive
[2026-06-07 21:03:56] PROCESS:agent-leak-app CPU:1.1% MEM:1.3% RSS:392MB DISK:950G FIREWALL:inactive
[2026-06-07 21:03:59] PROCESS:agent-leak-app CPU:1.1% MEM:1.3% RSS:418MB DISK:950G FIREWALL:inactive
[2026-06-07 21:04:02] PROCESS:agent-leak-app CPU:0.9% MEM:1.4% RSS:442MB DISK:950G FIREWALL:inactive
[2026-06-07 21:04:05] PROCESS:agent-leak-app CPU:0.9% MEM:1.5% RSS:468MB DISK:950G FIREWALL:inactive
[2026-06-07 21:04:08] PROCESS:agent-leak-app CPU:0.9% MEM:1.6% RSS:492MB DISK:950G FIREWALL:inactive
[2026-06-07 21:04:11] PROCESS:agent-leak-app CPU:0.9% MEM:1.7% RSS:518MB DISK:950G FIREWALL:inactive
[2026-06-07 21:04:14] PROCESS:agent-leak-app CPU:1.0% MEM:0.0% RSS:18MB DISK:950G FIREWALL:inactive
[2026-06-07 21:04:17] PROCESS:agent-leak-app CPU:1.0% MEM:0.0% RSS:18MB DISK:950G FIREWALL:inactive
[2026-06-07 21:04:21] PROCESS:agent-leak-app CPU:1.0% MEM:0.1% RSS:43MB DISK:950G FIREWALL:inactive
[2026-06-07 21:04:24] PROCESS:agent-leak-app CPU:1.0% MEM:0.2% RSS:68MB DISK:950G FIREWALL:inactive
[2026-06-07 21:04:27] PROCESS:agent-leak-app CPU:1.0% MEM:0.3% RSS:93MB DISK:950G FIREWALL:inactive
[2026-06-07 21:04:30] PROCESS:agent-leak-app CPU:1.0% MEM:0.3% RSS:118MB DISK:950G FIREWALL:inactive
[2026-06-07 21:04:33] PROCESS:agent-leak-app CPU:0.9% MEM:0.4% RSS:143MB DISK:950G FIREWALL:inactive
[2026-06-07 21:04:36] PROCESS:agent-leak-app CPU:0.9% MEM:0.5% RSS:168MB DISK:950G FIREWALL:inactive
[2026-06-07 21:04:39] PROCESS:agent-leak-app CPU:0.9% MEM:0.6% RSS:193MB DISK:950G FIREWALL:inactive
[2026-06-07 21:04:42] PROCESS:agent-leak-app CPU:0.9% MEM:0.7% RSS:218MB DISK:950G FIREWALL:inactive
[2026-06-07 21:04:45] PROCESS:agent-leak-app CPU:0.9% MEM:0.8% RSS:243MB DISK:950G FIREWALL:inactive
[2026-06-07 21:04:48] PROCESS:agent-leak-app CPU:0.9% MEM:0.8% RSS:268MB DISK:950G FIREWALL:inactive
[2026-06-07 21:04:51] PROCESS:agent-leak-app CPU:0.9% MEM:0.9% RSS:293MB DISK:950G FIREWALL:inactive
/mnt/d/Projects/Github/ai-assignment/scripts/lib.sh: line 47:  1483 Killed                  "$APP" > "$OUT/app_${tag}.log" 2>&1
>>> [OOM] 완료. 요약: /mnt/d/Projects/Github/ai-assignment/evidence/oom/before_after.txt
[before] MEMORY_LIMIT=128MB  exit_code=137  survival=17s  last_Current Heap: 150MB
2026-06-07 21:02:33,404 [CRITICAL] [MemoryGuard] Memory limit exceeded (150MB >= 128MB) / (Recommend Over 256MB)
2026-06-07 21:02:33,404 [CRITICAL] [MemoryGuard] Self-terminating process 1073 to prevent system instability.

[mid] MEMORY_LIMIT=256MB  exit_code=137  survival=32s  last_Current Heap: 275MB
2026-06-07 21:03:08,944 [CRITICAL] [MemoryGuard] Memory limit exceeded (275MB >= 256MB) / (Recommend Over 256MB)
2026-06-07 21:03:08,944 [CRITICAL] [MemoryGuard] Self-terminating process 1235 to prevent system instability.

[after] MEMORY_LIMIT=512MB  after_100s=ALIVE (운영자 정지, 자가 종료 아님)
2026-06-07 21:04:14,639 [WARNING] [MemoryWorker] Memory Usage Reached Limit (525MB). Starting cleanup...
2026-06-07 21:04:14,654 [INFO] [System] Memory Cache Flushed. Process Stabilized.
>>> [SYSTEM] MEMORY RECOVERED (Cache Cleared) <<<

>>> [CPU] before 런: CPU_MAX_OCCUPY=95 (Watchdog 종료 관측)
[2026-06-07 21:04:56] PROCESS:agent-leak-app CPU:0.0% MEM:0.0% RSS:2MB DISK:950G FIREWALL:inactive
[2026-06-07 21:04:58] PROCESS:agent-leak-app CPU:4.0% MEM:0.0% RSS:18MB DISK:950G FIREWALL:inactive
[2026-06-07 21:05:00] PROCESS:agent-leak-app CPU:1.9% MEM:0.0% RSS:18MB DISK:950G FIREWALL:inactive
[2026-06-07 21:05:02] PROCESS:agent-leak-app CPU:1.6% MEM:0.0% RSS:18MB DISK:950G FIREWALL:inactive
[2026-06-07 21:05:04] PROCESS:agent-leak-app CPU:1.2% MEM:0.0% RSS:18MB DISK:950G FIREWALL:inactive
[2026-06-07 21:05:06] PROCESS:agent-leak-app CPU:1.1% MEM:0.0% RSS:18MB DISK:950G FIREWALL:inactive
[2026-06-07 21:05:08] PROCESS:agent-leak-app CPU:1.1% MEM:0.0% RSS:18MB DISK:950G FIREWALL:inactive
[2026-06-07 21:05:10] PROCESS:agent-leak-app CPU:0.9% MEM:0.0% RSS:18MB DISK:950G FIREWALL:inactive
[2026-06-07 21:05:12] PROCESS:agent-leak-app CPU:1.0% MEM:0.0% RSS:18MB DISK:950G FIREWALL:inactive
[2026-06-07 21:05:14] PROCESS:agent-leak-app CPU:1.0% MEM:0.0% RSS:18MB DISK:950G FIREWALL:inactive
[2026-06-07 21:05:16] PROCESS:agent-leak-app CPU:0.9% MEM:0.0% RSS:18MB DISK:950G FIREWALL:inactive
[2026-06-07 21:05:18] PROCESS:agent-leak-app CPU:1.1% MEM:0.0% RSS:18MB DISK:950G FIREWALL:inactive
[2026-06-07 21:05:20] PROCESS:agent-leak-app CPU:1.1% MEM:0.0% RSS:18MB DISK:950G FIREWALL:inactive
[2026-06-07 21:05:22] PROCESS:agent-leak-app CPU:1.0% MEM:0.0% RSS:18MB DISK:950G FIREWALL:inactive
[2026-06-07 21:05:24] PROCESS:agent-leak-app CPU:1.0% MEM:0.0% RSS:18MB DISK:950G FIREWALL:inactive
[2026-06-07 21:05:27] PROCESS:agent-leak-app CPU:1.1% MEM:0.0% RSS:18MB DISK:950G FIREWALL:inactive
[2026-06-07 21:05:29] PROCESS:agent-leak-app CPU:1.1% MEM:0.0% RSS:18MB DISK:950G FIREWALL:inactive
[2026-06-07 21:05:31] PROCESS:agent-leak-app STATUS:NOT_RUNNING (프로세스 종료 감지)
>>> [CPU] after 런: CPU_MAX_OCCUPY=30 (생존 관측 60s)
[2026-06-07 21:05:33] PROCESS:agent-leak-app CPU:0.0% MEM:0.0% RSS:2MB DISK:950G FIREWALL:inactive
[2026-06-07 21:05:36] PROCESS:agent-leak-app CPU:2.6% MEM:0.1% RSS:42MB DISK:950G FIREWALL:inactive
[2026-06-07 21:05:39] PROCESS:agent-leak-app CPU:1.6% MEM:0.2% RSS:68MB DISK:950G FIREWALL:inactive
[2026-06-07 21:05:42] PROCESS:agent-leak-app CPU:1.2% MEM:0.3% RSS:92MB DISK:950G FIREWALL:inactive
[2026-06-07 21:05:45] PROCESS:agent-leak-app CPU:1.1% MEM:0.3% RSS:118MB DISK:950G FIREWALL:inactive
[2026-06-07 21:05:48] PROCESS:agent-leak-app CPU:1.0% MEM:0.4% RSS:142MB DISK:950G FIREWALL:inactive
[2026-06-07 21:05:51] PROCESS:agent-leak-app CPU:1.0% MEM:0.5% RSS:168MB DISK:950G FIREWALL:inactive
[2026-06-07 21:05:54] PROCESS:agent-leak-app CPU:1.1% MEM:0.6% RSS:192MB DISK:950G FIREWALL:inactive
[2026-06-07 21:05:57] PROCESS:agent-leak-app CPU:1.1% MEM:0.7% RSS:218MB DISK:950G FIREWALL:inactive
[2026-06-07 21:06:00] PROCESS:agent-leak-app CPU:1.1% MEM:0.8% RSS:242MB DISK:950G FIREWALL:inactive
[2026-06-07 21:06:03] PROCESS:agent-leak-app CPU:1.1% MEM:0.8% RSS:268MB DISK:950G FIREWALL:inactive
[2026-06-07 21:06:06] PROCESS:agent-leak-app CPU:1.1% MEM:0.9% RSS:292MB DISK:950G FIREWALL:inactive
[2026-06-07 21:06:09] PROCESS:agent-leak-app CPU:1.1% MEM:1.0% RSS:318MB DISK:950G FIREWALL:inactive
[2026-06-07 21:06:12] PROCESS:agent-leak-app CPU:1.1% MEM:1.1% RSS:342MB DISK:950G FIREWALL:inactive
[2026-06-07 21:06:15] PROCESS:agent-leak-app CPU:1.0% MEM:1.2% RSS:368MB DISK:950G FIREWALL:inactive
[2026-06-07 21:06:18] PROCESS:agent-leak-app CPU:1.0% MEM:1.3% RSS:392MB DISK:950G FIREWALL:inactive
[2026-06-07 21:06:21] PROCESS:agent-leak-app CPU:1.0% MEM:1.3% RSS:418MB DISK:950G FIREWALL:inactive
[2026-06-07 21:06:24] PROCESS:agent-leak-app CPU:0.9% MEM:1.4% RSS:442MB DISK:950G FIREWALL:inactive
[2026-06-07 21:06:27] PROCESS:agent-leak-app CPU:1.0% MEM:1.5% RSS:468MB DISK:950G FIREWALL:inactive
[2026-06-07 21:06:30] PROCESS:agent-leak-app CPU:1.0% MEM:1.6% RSS:492MB DISK:950G FIREWALL:inactive
[2026-06-07 21:06:33] PROCESS:agent-leak-app CPU:1.0% MEM:1.7% RSS:518MB DISK:950G FIREWALL:inactive
/mnt/d/Projects/Github/ai-assignment/scripts/lib.sh: line 47:  2498 Killed                  "$APP" > "$OUT/app_after.log" 2>&1
>>> [CPU] 완료. 요약: /mnt/d/Projects/Github/ai-assignment/evidence/cpu/before_after.txt
[before] CPU_MAX_OCCUPY=95  exit_code=143  survival=33s
2026-06-07 21:05:23,656 [INFO] [CpuWorker] Current Load: 41.98%
2026-06-07 21:05:26,772 [INFO] [CpuWorker] Current Load: 47.63%
2026-06-07 21:05:29,887 [INFO] [CpuWorker] Current Load: 54.56%
2026-06-07 21:05:29,988 [CRITICAL] [CpuWorker] CPU Threshold Violated! (54.56%).

[after] CPU_MAX_OCCUPY=30  after_60s=ALIVE (운영자 정지)
Load 최고/최저 표본:
Current Load: 5.00%
Current Load: 30.00%
임계 위반 로그 존재? : 0 건

>>> [DEADLOCK] before 런: MULTI_THREAD_ENABLE=true
[2026-06-07 21:06:39] PROCESS:agent-leak-app CPU:0.0% MEM:0.0% RSS:2MB DISK:950G FIREWALL:inactive
[2026-06-07 21:06:41] PROCESS:agent-leak-app CPU:3.4% MEM:0.0% RSS:18MB DISK:950G FIREWALL:inactive
[2026-06-07 21:06:43] PROCESS:agent-leak-app CPU:1.7% MEM:0.0% RSS:18MB DISK:950G FIREWALL:inactive
[2026-06-07 21:06:45] PROCESS:agent-leak-app CPU:1.1% MEM:0.0% RSS:18MB DISK:950G FIREWALL:inactive
[2026-06-07 21:06:47] PROCESS:agent-leak-app CPU:0.9% MEM:0.0% RSS:18MB DISK:950G FIREWALL:inactive
[2026-06-07 21:06:49] PROCESS:agent-leak-app CPU:0.6% MEM:0.0% RSS:18MB DISK:950G FIREWALL:inactive
[2026-06-07 21:06:51] PROCESS:agent-leak-app CPU:0.6% MEM:0.0% RSS:18MB DISK:950G FIREWALL:inactive
[2026-06-07 21:06:53] PROCESS:agent-leak-app CPU:0.5% MEM:0.0% RSS:18MB DISK:950G FIREWALL:inactive
--- [DEADLOCK] T1 스냅샷 (t≈16s) ---
[2026-06-07 21:06:55] PROCESS:agent-leak-app CPU:0.4% MEM:0.0% RSS:18MB DISK:950G FIREWALL:inactive
[2026-06-07 21:06:57] PROCESS:agent-leak-app CPU:0.3% MEM:0.0% RSS:18MB DISK:950G FIREWALL:inactive
[2026-06-07 21:06:59] PROCESS:agent-leak-app CPU:0.3% MEM:0.0% RSS:18MB DISK:950G FIREWALL:inactive
[2026-06-07 21:07:01] PROCESS:agent-leak-app CPU:0.3% MEM:0.0% RSS:18MB DISK:950G FIREWALL:inactive
[2026-06-07 21:07:03] PROCESS:agent-leak-app CPU:0.3% MEM:0.0% RSS:18MB DISK:950G FIREWALL:inactive
[2026-06-07 21:07:05] PROCESS:agent-leak-app CPU:0.2% MEM:0.0% RSS:18MB DISK:950G FIREWALL:inactive
--- [DEADLOCK] T2 스냅샷 (t≈28s) ---
[2026-06-07 21:07:07] PROCESS:agent-leak-app CPU:0.2% MEM:0.0% RSS:18MB DISK:950G FIREWALL:inactive
[2026-06-07 21:07:09] PROCESS:agent-leak-app CPU:0.1% MEM:0.0% RSS:18MB DISK:950G FIREWALL:inactive
[2026-06-07 21:07:11] PROCESS:agent-leak-app CPU:0.1% MEM:0.0% RSS:18MB DISK:950G FIREWALL:inactive
[2026-06-07 21:07:13] PROCESS:agent-leak-app CPU:0.1% MEM:0.0% RSS:18MB DISK:950G FIREWALL:inactive
[2026-06-07 21:07:15] PROCESS:agent-leak-app CPU:0.1% MEM:0.0% RSS:18MB DISK:950G FIREWALL:inactive
[2026-06-07 21:07:17] PROCESS:agent-leak-app CPU:0.1% MEM:0.0% RSS:18MB DISK:950G FIREWALL:inactive
[2026-06-07 21:07:19] PROCESS:agent-leak-app CPU:0.1% MEM:0.0% RSS:18MB DISK:950G FIREWALL:inactive
/mnt/d/Projects/Github/ai-assignment/scripts/lib.sh: line 47:  2961 Killed                  "$APP" > "$OUT/app_before.log" 2>&1
>>> [DEADLOCK] after 런: MULTI_THREAD_ENABLE=false (응답성 확인 15s)
[2026-06-07 21:07:23] PROCESS:agent-leak-app CPU:0.0% MEM:0.0% RSS:2MB DISK:950G FIREWALL:inactive
[2026-06-07 21:07:25] PROCESS:agent-leak-app CPU:4.0% MEM:0.0% RSS:18MB DISK:950G FIREWALL:inactive
[2026-06-07 21:07:27] PROCESS:agent-leak-app CPU:2.2% MEM:0.1% RSS:42MB DISK:950G FIREWALL:inactive
[2026-06-07 21:07:29] PROCESS:agent-leak-app CPU:1.6% MEM:0.2% RSS:68MB DISK:950G FIREWALL:inactive
[2026-06-07 21:07:31] PROCESS:agent-leak-app CPU:1.3% MEM:0.2% RSS:68MB DISK:950G FIREWALL:inactive
[2026-06-07 21:07:33] PROCESS:agent-leak-app CPU:1.2% MEM:0.3% RSS:92MB DISK:950G FIREWALL:inactive
[2026-06-07 21:07:35] PROCESS:agent-leak-app CPU:1.2% MEM:0.3% RSS:118MB DISK:950G FIREWALL:inactive
[2026-06-07 21:07:38] PROCESS:agent-leak-app CPU:1.1% MEM:0.3% RSS:118MB DISK:950G FIREWALL:inactive
--- [DEADLOCK] after 스냅샷 ---
/mnt/d/Projects/Github/ai-assignment/scripts/lib.sh: line 47:  3415 Killed                  "$APP" > "$OUT/app_after.log" 2>&1
>>> [DEADLOCK] 완료. 요약: /mnt/d/Projects/Github/ai-assignment/evidence/deadlock/before_after.txt
[before] MULTI_THREAD_ENABLE=true  process_after_28s=ALIVE (자가 종료 없음)
T1 마지막 로그 == T2 마지막 로그 ? : SAME_그대로멈춤
마지막 로그 지점:
2026-06-07 21:06:48,306 [INFO] [AgentWorker][Worker-Thread-2] Need resource [Shared_Memory_A] to write logs.
2026-06-07 21:06:48,306 [INFO] [AgentWorker][Worker-Thread-1] WAITING for [Socket_Pool_B]... (Status: BLOCKED)
2026-06-07 21:06:48,307 [INFO] [AgentWorker][Worker-Thread-2] WAITING for [Shared_Memory_A]... (Status: BLOCKED)

[after] MULTI_THREAD_ENABLE=false  로그 라인 수=33 (계속 진행 = 응답)
마지막 진행 로그:
2026-06-07 21:07:36,132 [INFO] [CpuWorker] Current Load: 24.76%
2026-06-07 21:07:38,883 [INFO] [MemoryWorker] Current Heap: 125MB
2026-06-07 21:07:39,248 [INFO] [CpuWorker] Current Load: 28.17%

>>> [SCHED] Healthy 런으로 스케줄러 블록 캡처
>>> [SCHED] 완료. 블록: /mnt/d/Projects/Github/ai-assignment/evidence/scheduler/scheduler_block.txt
30:2026-06-07 21:07:44,571 [INFO] >>> Scenario Selected: [Healthy System Monitoring]
34:2026-06-07 21:07:44,572 [INFO] [Scheduler] Task Scheduler Initialized.
35:2026-06-07 21:07:44,572 [INFO] [Scheduler] Registered Tasks: ['Thread-A', 'Thread-B', 'Thread-C']
36:2026-06-07 21:07:44,573 [INFO] [Scheduler] Starting task execution...
37:2026-06-07 21:07:44,573 [INFO] [Thread-B] Task Started. Calculating... (20%)
38:2026-06-07 21:07:44,623 [INFO] [Thread-B] Calculating... (40%)
39:2026-06-07 21:07:44,674 [INFO] [Thread-B] Calculating... (60%)
40:2026-06-07 21:07:44,725 [INFO] [Thread-B] Calculating... (80%)
41:2026-06-07 21:07:44,776 [INFO] [Thread-B] Task Completed. (100%)
42:2026-06-07 21:07:44,827 [INFO] [Thread-C] Task Started. Calculating... (20%)
43:2026-06-07 21:07:44,878 [INFO] [Thread-C] Calculating... (40%)
44:2026-06-07 21:07:44,928 [INFO] [Thread-C] Calculating... (60%)
45:2026-06-07 21:07:44,979 [INFO] [Thread-C] Calculating... (80%)
46:2026-06-07 21:07:45,030 [INFO] [Thread-C] Task Completed. (100%)
47:2026-06-07 21:07:45,081 [INFO] [Thread-A] Task Started. Calculating... (20%)
48:2026-06-07 21:07:45,132 [INFO] [Thread-A] Calculating... (40%)
49:2026-06-07 21:07:45,182 [INFO] [Thread-A] Calculating... (60%)
50:2026-06-07 21:07:45,233 [INFO] [Thread-A] Calculating... (80%)
51:2026-06-07 21:07:45,284 [INFO] [Thread-A] Task Completed. (100%)
52:2026-06-07 21:07:45,335 [INFO] [Scheduler] All tasks completed.
>>> [CHARTS] PNG 차트 생성
charts written to /mnt/d/Projects/Github/ai-assignment/evidence/charts
>>> [ALL] 전체 파이프라인 완료. evidence/ 확인.
EXIT=0
