Listing 'app'...
Compiling 'app/__init__.py'...
Compiling 'app/database.py'...
Compiling 'app/main.py'...
Listing 'app/models'...
Compiling 'app/models/__init__.py'...
Compiling 'app/models/memo.py'...
Listing 'app/repositories'...
Compiling 'app/repositories/__init__.py'...
Compiling 'app/repositories/memo_repository.py'...
Listing 'app/routers'...
Compiling 'app/routers/__init__.py'...
Compiling 'app/routers/dependencies.py'...
Compiling 'app/routers/home.py'...
Compiling 'app/routers/memos.py'...
Listing 'app/schemas'...
Compiling 'app/schemas/__init__.py'...
Compiling 'app/schemas/memo.py'...
Listing 'app/services'...
Compiling 'app/services/__init__.py'...
Compiling 'app/services/memo_service.py'...
Listing 'scripts'...
Compiling 'scripts/run.py'...
Compiling 'scripts/verify.py'...
