#0 building with "desktop-linux" instance using docker driver

#1 [internal] load build definition from Dockerfile
#1 transferring dockerfile: 516B done
#1 DONE 0.0s

#2 [internal] load metadata for docker.io/library/ubuntu:24.04
#2 DONE 0.1s

#3 [internal] load .dockerignore
#3 transferring context: 32B
#3 transferring context: 106B done
#3 DONE 0.0s

#4 [internal] load build context
#4 transferring context: 3.10kB done
#4 DONE 0.0s

#5 [1/6] FROM docker.io/library/ubuntu:24.04@sha256:786a8b558f7be160c6c8c4a54f9a57274f3b4fb1491cf65146521ae77ff1dc54
#5 resolve docker.io/library/ubuntu:24.04@sha256:786a8b558f7be160c6c8c4a54f9a57274f3b4fb1491cf65146521ae77ff1dc54 0.0s done
#5 DONE 0.1s

#6 [2/6] WORKDIR /app
#6 CACHED

#7 [4/6] COPY requirements.txt .
#7 CACHED

#8 [5/6] RUN python3 -m venv /opt/venv     && /opt/venv/bin/pip install --no-cache-dir -r requirements.txt
#8 CACHED

#9 [3/6] RUN apt-get update     && apt-get install -y --no-install-recommends python3 python3-pip python3-venv     && rm -rf /var/lib/apt/lists/*
#9 CACHED

#10 [6/6] COPY . .
#10 CACHED

#11 exporting to image
#11 exporting layers done
#11 exporting manifest sha256:3a4b8709e477f8c07f7e56d04e70ca67e3e4f255cdf223cc693b76174435a249 done
#11 exporting config sha256:44c72464a583d15fde050cdbfa10e27793a2f6695e6133b43971567c35a7afbc done
#11 exporting attestation manifest sha256:1331a0757d53afbfd1163ed216bcefa39653032045cf3454ffe466c6d2f3eee3 0.1s done
#11 exporting manifest list sha256:eef3d265f91654840a4db9338098e75cb3bfc0495fba833776d41a01b8f376c3 0.0s done
#11 naming to docker.io/library/local-verification-image:latest
#11 naming to docker.io/library/local-verification-image:latest done
#11 unpacking to docker.io/library/local-verification-image:latest 0.0s done
#11 DONE 0.2s

View build details: docker-desktop://dashboard/build/desktop-linux/desktop-linux/d9ewxpg1qtft9fjz9ojwxyi9g
