Get:1 http://archive.ubuntu.com/ubuntu noble InRelease [256 kB]
Get:2 http://security.ubuntu.com/ubuntu noble-security InRelease [126 kB]
Get:3 http://security.ubuntu.com/ubuntu noble-security/multiverse amd64 Packages [48.4 kB]
Get:4 http://archive.ubuntu.com/ubuntu noble-updates InRelease [126 kB]
Get:5 http://security.ubuntu.com/ubuntu noble-security/restricted amd64 Packages [3807 kB]
Get:6 http://archive.ubuntu.com/ubuntu noble-backports InRelease [126 kB]
Get:7 http://archive.ubuntu.com/ubuntu noble/multiverse amd64 Packages [331 kB]
Get:8 http://archive.ubuntu.com/ubuntu noble/main amd64 Packages [1808 kB]
Get:9 http://security.ubuntu.com/ubuntu noble-security/main amd64 Packages [2148 kB]
Get:10 http://security.ubuntu.com/ubuntu noble-security/universe amd64 Packages [1513 kB]
Get:11 http://archive.ubuntu.com/ubuntu noble/restricted amd64 Packages [117 kB]
Get:12 http://archive.ubuntu.com/ubuntu noble/universe amd64 Packages [19.3 MB]
Get:13 http://archive.ubuntu.com/ubuntu noble-updates/main amd64 Packages [2525 kB]
Get:14 http://archive.ubuntu.com/ubuntu noble-updates/restricted amd64 Packages [4038 kB]
Get:15 http://archive.ubuntu.com/ubuntu noble-updates/universe amd64 Packages [2155 kB]
Get:16 http://archive.ubuntu.com/ubuntu noble-updates/multiverse amd64 Packages [54.6 kB]
Get:17 http://archive.ubuntu.com/ubuntu noble-backports/universe amd64 Packages [35.9 kB]
Get:18 http://archive.ubuntu.com/ubuntu noble-backports/main amd64 Packages [49.0 kB]
Get:19 http://archive.ubuntu.com/ubuntu noble-backports/multiverse amd64 Packages [671 B]
Fetched 38.6 MB in 5s (7905 kB/s)
Reading package lists...
Reading package lists...
Building dependency tree...
Reading state information...
The following additional packages will be installed:
  ca-certificates libexpat1 libpython3-stdlib libpython3.12-minimal
  libpython3.12-stdlib libreadline8t64 libsqlite3-0 media-types netbase
  openssl python3-minimal python3-pip-whl python3-pkg-resources
  python3-setuptools python3-setuptools-whl python3-wheel python3.12
  python3.12-minimal python3.12-venv readline-common tzdata
Suggested packages:
  python3-doc python3-tk python-setuptools-doc python3.12-doc binutils
  binfmt-support readline-doc
Recommended packages:
  build-essential python3-dev
The following NEW packages will be installed:
  ca-certificates libexpat1 libpython3-stdlib libpython3.12-minimal
  libpython3.12-stdlib libreadline8t64 libsqlite3-0 media-types netbase
  openssl python3 python3-minimal python3-pip python3-pip-whl
  python3-pkg-resources python3-setuptools python3-setuptools-whl python3-venv
  python3-wheel python3.12 python3.12-minimal python3.12-venv readline-common
  tzdata
0 upgraded, 24 newly installed, 0 to remove and 3 not upgraded.
Need to get 12.8 MB of archives.
After this operation, 43.4 MB of additional disk space will be used.
Get:1 http://archive.ubuntu.com/ubuntu noble-updates/main amd64 libpython3.12-minimal amd64 3.12.3-1ubuntu0.13 [837 kB]
Get:2 http://archive.ubuntu.com/ubuntu noble-updates/main amd64 libexpat1 amd64 2.6.1-2ubuntu0.4 [88.2 kB]
Get:3 http://archive.ubuntu.com/ubuntu noble-updates/main amd64 python3.12-minimal amd64 3.12.3-1ubuntu0.13 [2346 kB]
Get:4 http://archive.ubuntu.com/ubuntu noble-updates/main amd64 python3-minimal amd64 3.12.3-0ubuntu2.1 [27.4 kB]
Get:5 http://archive.ubuntu.com/ubuntu noble/main amd64 media-types all 10.1.0 [27.5 kB]
Get:6 http://archive.ubuntu.com/ubuntu noble/main amd64 netbase all 6.4 [13.1 kB]
Get:7 http://archive.ubuntu.com/ubuntu noble-updates/main amd64 tzdata all 2026a-0ubuntu0.24.04.1 [280 kB]
Get:8 http://archive.ubuntu.com/ubuntu noble/main amd64 readline-common all 8.2-4build1 [56.5 kB]
Get:9 http://archive.ubuntu.com/ubuntu noble/main amd64 libreadline8t64 amd64 8.2-4build1 [153 kB]
Get:10 http://archive.ubuntu.com/ubuntu noble-updates/main amd64 libsqlite3-0 amd64 3.45.1-1ubuntu2.5 [701 kB]
Get:11 http://archive.ubuntu.com/ubuntu noble-updates/main amd64 libpython3.12-stdlib amd64 3.12.3-1ubuntu0.13 [2068 kB]
Get:12 http://archive.ubuntu.com/ubuntu noble-updates/main amd64 python3.12 amd64 3.12.3-1ubuntu0.13 [662 kB]
Get:13 http://archive.ubuntu.com/ubuntu noble-updates/main amd64 libpython3-stdlib amd64 3.12.3-0ubuntu2.1 [10.1 kB]
Get:14 http://archive.ubuntu.com/ubuntu noble-updates/main amd64 python3 amd64 3.12.3-0ubuntu2.1 [23.0 kB]
Get:15 http://archive.ubuntu.com/ubuntu noble-updates/main amd64 openssl amd64 3.0.13-0ubuntu3.9 [1002 kB]
Get:16 http://archive.ubuntu.com/ubuntu noble/main amd64 ca-certificates all 20240203 [159 kB]
Get:17 http://archive.ubuntu.com/ubuntu noble-updates/main amd64 python3-pkg-resources all 68.1.2-2ubuntu1.2 [168 kB]
Get:18 http://archive.ubuntu.com/ubuntu noble-updates/main amd64 python3-setuptools all 68.1.2-2ubuntu1.2 [397 kB]
Get:19 http://archive.ubuntu.com/ubuntu noble/universe amd64 python3-wheel all 0.42.0-2 [53.1 kB]
Get:20 http://archive.ubuntu.com/ubuntu noble-updates/universe amd64 python3-pip all 24.0+dfsg-1ubuntu1.3 [1320 kB]
Get:21 http://archive.ubuntu.com/ubuntu noble-updates/universe amd64 python3-pip-whl all 24.0+dfsg-1ubuntu1.3 [1707 kB]
Get:22 http://archive.ubuntu.com/ubuntu noble-updates/universe amd64 python3-setuptools-whl all 68.1.2-2ubuntu1.2 [716 kB]
Get:23 http://archive.ubuntu.com/ubuntu noble-updates/universe amd64 python3.12-venv amd64 3.12.3-1ubuntu0.13 [5672 B]
Get:24 http://archive.ubuntu.com/ubuntu noble-updates/universe amd64 python3-venv amd64 3.12.3-0ubuntu2.1 [1032 B]
debconf: delaying package configuration, since apt-utils is not installed
Fetched 12.8 MB in 2s (8076 kB/s)
Selecting previously unselected package libpython3.12-minimal:amd64.
(Reading database ... 
(Reading database ... 5%
(Reading database ... 10%
(Reading database ... 15%
(Reading database ... 20%
(Reading database ... 25%
(Reading database ... 30%
(Reading database ... 35%
(Reading database ... 40%
(Reading database ... 45%
(Reading database ... 50%
(Reading database ... 55%
(Reading database ... 60%
(Reading database ... 65%
(Reading database ... 70%
(Reading database ... 75%
(Reading database ... 80%
(Reading database ... 85%
(Reading database ... 90%
(Reading database ... 95%
(Reading database ... 100%
(Reading database ... 4381 files and directories currently installed.)
Preparing to unpack .../libpython3.12-minimal_3.12.3-1ubuntu0.13_amd64.deb ...
Unpacking libpython3.12-minimal:amd64 (3.12.3-1ubuntu0.13) ...
Selecting previously unselected package libexpat1:amd64.
Preparing to unpack .../libexpat1_2.6.1-2ubuntu0.4_amd64.deb ...
Unpacking libexpat1:amd64 (2.6.1-2ubuntu0.4) ...
Selecting previously unselected package python3.12-minimal.
Preparing to unpack .../python3.12-minimal_3.12.3-1ubuntu0.13_amd64.deb ...
Unpacking python3.12-minimal (3.12.3-1ubuntu0.13) ...
Setting up libpython3.12-minimal:amd64 (3.12.3-1ubuntu0.13) ...
Setting up libexpat1:amd64 (2.6.1-2ubuntu0.4) ...
Setting up python3.12-minimal (3.12.3-1ubuntu0.13) ...
Selecting previously unselected package python3-minimal.
(Reading database ... 
(Reading database ... 5%
(Reading database ... 10%
(Reading database ... 15%
(Reading database ... 20%
(Reading database ... 25%
(Reading database ... 30%
(Reading database ... 35%
(Reading database ... 40%
(Reading database ... 45%
(Reading database ... 50%
(Reading database ... 55%
(Reading database ... 60%
(Reading database ... 65%
(Reading database ... 70%
(Reading database ... 75%
(Reading database ... 80%
(Reading database ... 85%
(Reading database ... 90%
(Reading database ... 95%
(Reading database ... 100%
(Reading database ... 4700 files and directories currently installed.)
Preparing to unpack .../0-python3-minimal_3.12.3-0ubuntu2.1_amd64.deb ...
Unpacking python3-minimal (3.12.3-0ubuntu2.1) ...
Selecting previously unselected package media-types.
Preparing to unpack .../1-media-types_10.1.0_all.deb ...
Unpacking media-types (10.1.0) ...
Selecting previously unselected package netbase.
Preparing to unpack .../2-netbase_6.4_all.deb ...
Unpacking netbase (6.4) ...
Selecting previously unselected package tzdata.
Preparing to unpack .../3-tzdata_2026a-0ubuntu0.24.04.1_all.deb ...
Unpacking tzdata (2026a-0ubuntu0.24.04.1) ...
Selecting previously unselected package readline-common.
Preparing to unpack .../4-readline-common_8.2-4build1_all.deb ...
Unpacking readline-common (8.2-4build1) ...
Selecting previously unselected package libreadline8t64:amd64.
Preparing to unpack .../5-libreadline8t64_8.2-4build1_amd64.deb ...
Adding 'diversion of /lib/x86_64-linux-gnu/libhistory.so.8 to /lib/x86_64-linux-gnu/libhistory.so.8.usr-is-merged by libreadline8t64'
Adding 'diversion of /lib/x86_64-linux-gnu/libhistory.so.8.2 to /lib/x86_64-linux-gnu/libhistory.so.8.2.usr-is-merged by libreadline8t64'
Adding 'diversion of /lib/x86_64-linux-gnu/libreadline.so.8 to /lib/x86_64-linux-gnu/libreadline.so.8.usr-is-merged by libreadline8t64'
Adding 'diversion of /lib/x86_64-linux-gnu/libreadline.so.8.2 to /lib/x86_64-linux-gnu/libreadline.so.8.2.usr-is-merged by libreadline8t64'
Unpacking libreadline8t64:amd64 (8.2-4build1) ...
Selecting previously unselected package libsqlite3-0:amd64.
Preparing to unpack .../6-libsqlite3-0_3.45.1-1ubuntu2.5_amd64.deb ...
Unpacking libsqlite3-0:amd64 (3.45.1-1ubuntu2.5) ...
Selecting previously unselected package libpython3.12-stdlib:amd64.
Preparing to unpack .../7-libpython3.12-stdlib_3.12.3-1ubuntu0.13_amd64.deb ...
Unpacking libpython3.12-stdlib:amd64 (3.12.3-1ubuntu0.13) ...
Selecting previously unselected package python3.12.
Preparing to unpack .../8-python3.12_3.12.3-1ubuntu0.13_amd64.deb ...
Unpacking python3.12 (3.12.3-1ubuntu0.13) ...
Selecting previously unselected package libpython3-stdlib:amd64.
Preparing to unpack .../9-libpython3-stdlib_3.12.3-0ubuntu2.1_amd64.deb ...
Unpacking libpython3-stdlib:amd64 (3.12.3-0ubuntu2.1) ...
Setting up python3-minimal (3.12.3-0ubuntu2.1) ...
Selecting previously unselected package python3.
(Reading database ... 
(Reading database ... 5%
(Reading database ... 10%
(Reading database ... 15%
(Reading database ... 20%
(Reading database ... 25%
(Reading database ... 30%
(Reading database ... 35%
(Reading database ... 40%
(Reading database ... 45%
(Reading database ... 50%
(Reading database ... 55%
(Reading database ... 60%
(Reading database ... 65%
(Reading database ... 70%
(Reading database ... 75%
(Reading database ... 80%
(Reading database ... 85%
(Reading database ... 90%
(Reading database ... 95%
(Reading database ... 100%
(Reading database ... 5706 files and directories currently installed.)
Preparing to unpack .../00-python3_3.12.3-0ubuntu2.1_amd64.deb ...
Unpacking python3 (3.12.3-0ubuntu2.1) ...
Selecting previously unselected package openssl.
Preparing to unpack .../01-openssl_3.0.13-0ubuntu3.9_amd64.deb ...
Unpacking openssl (3.0.13-0ubuntu3.9) ...
Selecting previously unselected package ca-certificates.
Preparing to unpack .../02-ca-certificates_20240203_all.deb ...
Unpacking ca-certificates (20240203) ...
Selecting previously unselected package python3-pkg-resources.
Preparing to unpack .../03-python3-pkg-resources_68.1.2-2ubuntu1.2_all.deb ...
Unpacking python3-pkg-resources (68.1.2-2ubuntu1.2) ...
Selecting previously unselected package python3-setuptools.
Preparing to unpack .../04-python3-setuptools_68.1.2-2ubuntu1.2_all.deb ...
Unpacking python3-setuptools (68.1.2-2ubuntu1.2) ...
Selecting previously unselected package python3-wheel.
Preparing to unpack .../05-python3-wheel_0.42.0-2_all.deb ...
Unpacking python3-wheel (0.42.0-2) ...
Selecting previously unselected package python3-pip.
Preparing to unpack .../06-python3-pip_24.0+dfsg-1ubuntu1.3_all.deb ...
Unpacking python3-pip (24.0+dfsg-1ubuntu1.3) ...
Selecting previously unselected package python3-pip-whl.
Preparing to unpack .../07-python3-pip-whl_24.0+dfsg-1ubuntu1.3_all.deb ...
Unpacking python3-pip-whl (24.0+dfsg-1ubuntu1.3) ...
Selecting previously unselected package python3-setuptools-whl.
Preparing to unpack .../08-python3-setuptools-whl_68.1.2-2ubuntu1.2_all.deb ...
Unpacking python3-setuptools-whl (68.1.2-2ubuntu1.2) ...
Selecting previously unselected package python3.12-venv.
Preparing to unpack .../09-python3.12-venv_3.12.3-1ubuntu0.13_amd64.deb ...
Unpacking python3.12-venv (3.12.3-1ubuntu0.13) ...
Selecting previously unselected package python3-venv.
Preparing to unpack .../10-python3-venv_3.12.3-0ubuntu2.1_amd64.deb ...
Unpacking python3-venv (3.12.3-0ubuntu2.1) ...
Setting up media-types (10.1.0) ...
Setting up python3-setuptools-whl (68.1.2-2ubuntu1.2) ...
Setting up libsqlite3-0:amd64 (3.45.1-1ubuntu2.5) ...
Setting up tzdata (2026a-0ubuntu0.24.04.1) ...
debconf: unable to initialize frontend: Dialog
debconf: (TERM is not set, so the dialog frontend is not usable.)
debconf: falling back to frontend: Readline
debconf: unable to initialize frontend: Readline
debconf: (Can't locate Term/ReadLine.pm in @INC (you may need to install the Term::ReadLine module) (@INC entries checked: /etc/perl /usr/local/lib/x86_64-linux-gnu/perl/5.38.2 /usr/local/share/perl/5.38.2 /usr/lib/x86_64-linux-gnu/perl5/5.38 /usr/share/perl5 /usr/lib/x86_64-linux-gnu/perl-base /usr/lib/x86_64-linux-gnu/perl/5.38 /usr/share/perl/5.38 /usr/local/lib/site_perl) at /usr/share/perl5/Debconf/FrontEnd/Readline.pm line 8.)
debconf: falling back to frontend: Teletype
Configuring tzdata
------------------

Please select the geographic area in which you live. Subsequent configuration
questions will narrow this down by presenting a list of cities, representing
the time zones in which they are located.

  1. Africa      4. Arctic    7. Australia  10. Pacific
  2. America     5. Asia      8. Europe     11. Etc
  3. Antarctica  6. Atlantic  9. Indian     12. Legacy
Geographic area: 
Use of uninitialized value $_[1] in join or string at /usr/share/perl5/Debconf/DbDriver/Stack.pm line 112.

Current default time zone: '/UTC'
Local time is now:      Mon Jun  8 06:24:03 UTC 2026.
Universal Time is now:  Mon Jun  8 06:24:03 UTC 2026.
Run 'dpkg-reconfigure tzdata' if you wish to change it.

Use of uninitialized value $val in substitution (s///) at /usr/share/perl5/Debconf/Format/822.pm line 84, <GEN6> line 4.
Use of uninitialized value $val in concatenation (.) or string at /usr/share/perl5/Debconf/Format/822.pm line 85, <GEN6> line 4.
Setting up netbase (6.4) ...
Setting up openssl (3.0.13-0ubuntu3.9) ...
Setting up readline-common (8.2-4build1) ...
Setting up ca-certificates (20240203) ...
debconf: unable to initialize frontend: Dialog
debconf: (TERM is not set, so the dialog frontend is not usable.)
debconf: falling back to frontend: Readline
debconf: unable to initialize frontend: Readline
debconf: (Can't locate Term/ReadLine.pm in @INC (you may need to install the Term::ReadLine module) (@INC entries checked: /etc/perl /usr/local/lib/x86_64-linux-gnu/perl/5.38.2 /usr/local/share/perl/5.38.2 /usr/lib/x86_64-linux-gnu/perl5/5.38 /usr/share/perl5 /usr/lib/x86_64-linux-gnu/perl-base /usr/lib/x86_64-linux-gnu/perl/5.38 /usr/share/perl/5.38 /usr/local/lib/site_perl) at /usr/share/perl5/Debconf/FrontEnd/Readline.pm line 8.)
debconf: falling back to frontend: Teletype
Updating certificates in /etc/ssl/certs...
146 added, 0 removed; done.
Setting up libreadline8t64:amd64 (8.2-4build1) ...
Setting up libpython3.12-stdlib:amd64 (3.12.3-1ubuntu0.13) ...
Setting up python3-pip-whl (24.0+dfsg-1ubuntu1.3) ...
Setting up python3.12 (3.12.3-1ubuntu0.13) ...
Setting up libpython3-stdlib:amd64 (3.12.3-0ubuntu2.1) ...
Setting up python3.12-venv (3.12.3-1ubuntu0.13) ...
Setting up python3 (3.12.3-0ubuntu2.1) ...
running python rtupdate hooks for python3.12...
running python post-rtupdate hooks for python3.12...
Setting up python3-wheel (0.42.0-2) ...
Setting up python3-venv (3.12.3-0ubuntu2.1) ...
Setting up python3-pkg-resources (68.1.2-2ubuntu1.2) ...
Setting up python3-setuptools (68.1.2-2ubuntu1.2) ...
Setting up python3-pip (24.0+dfsg-1ubuntu1.3) ...
Processing triggers for libc-bin (2.39-0ubuntu8.7) ...
Processing triggers for ca-certificates (20240203) ...
Updating certificates in /etc/ssl/certs...
0 added, 0 removed; done.
Running hooks in /etc/ca-certificates/update.d...
done.
Collecting fastapi==0.115.6 (from -r requirements.txt (line 1))
  Downloading fastapi-0.115.6-py3-none-any.whl.metadata (27 kB)
Collecting uvicorn==0.34.0 (from -r requirements.txt (line 2))
  Downloading uvicorn-0.34.0-py3-none-any.whl.metadata (6.5 kB)
Collecting SQLAlchemy==2.0.36 (from -r requirements.txt (line 3))
  Downloading SQLAlchemy-2.0.36-cp312-cp312-manylinux_2_17_x86_64.manylinux2014_x86_64.whl.metadata (9.7 kB)
Collecting Jinja2==3.1.4 (from -r requirements.txt (line 4))
  Downloading jinja2-3.1.4-py3-none-any.whl.metadata (2.6 kB)
Collecting python-multipart==0.0.20 (from -r requirements.txt (line 5))
  Downloading python_multipart-0.0.20-py3-none-any.whl.metadata (1.8 kB)
Collecting itsdangerous==2.2.0 (from -r requirements.txt (line 6))
  Downloading itsdangerous-2.2.0-py3-none-any.whl.metadata (1.9 kB)
Collecting starlette<0.42.0,>=0.40.0 (from fastapi==0.115.6->-r requirements.txt (line 1))
  Downloading starlette-0.41.3-py3-none-any.whl.metadata (6.0 kB)
Collecting pydantic!=1.8,!=1.8.1,!=2.0.0,!=2.0.1,!=2.1.0,<3.0.0,>=1.7.4 (from fastapi==0.115.6->-r requirements.txt (line 1))
  Downloading pydantic-2.13.4-py3-none-any.whl.metadata (109 kB)
     ━━━━━━━━━━━━━━━━━━━━━━━━━━━━━━━━━━━━━━ 109.4/109.4 kB 18.4 MB/s eta 0:00:00
Collecting typing-extensions>=4.8.0 (from fastapi==0.115.6->-r requirements.txt (line 1))
  Downloading typing_extensions-4.15.0-py3-none-any.whl.metadata (3.3 kB)
Collecting click>=7.0 (from uvicorn==0.34.0->-r requirements.txt (line 2))
  Downloading click-8.4.1-py3-none-any.whl.metadata (2.6 kB)
Collecting h11>=0.8 (from uvicorn==0.34.0->-r requirements.txt (line 2))
  Downloading h11-0.16.0-py3-none-any.whl.metadata (8.3 kB)
Collecting greenlet!=0.4.17 (from SQLAlchemy==2.0.36->-r requirements.txt (line 3))
  Downloading greenlet-3.5.1-cp312-cp312-manylinux_2_24_x86_64.manylinux_2_28_x86_64.whl.metadata (3.8 kB)
Collecting MarkupSafe>=2.0 (from Jinja2==3.1.4->-r requirements.txt (line 4))
  Downloading markupsafe-3.0.3-cp312-cp312-manylinux2014_x86_64.manylinux_2_17_x86_64.manylinux_2_28_x86_64.whl.metadata (2.7 kB)
Collecting annotated-types>=0.6.0 (from pydantic!=1.8,!=1.8.1,!=2.0.0,!=2.0.1,!=2.1.0,<3.0.0,>=1.7.4->fastapi==0.115.6->-r requirements.txt (line 1))
  Downloading annotated_types-0.7.0-py3-none-any.whl.metadata (15 kB)
Collecting pydantic-core==2.46.4 (from pydantic!=1.8,!=1.8.1,!=2.0.0,!=2.0.1,!=2.1.0,<3.0.0,>=1.7.4->fastapi==0.115.6->-r requirements.txt (line 1))
  Downloading pydantic_core-2.46.4-cp312-cp312-manylinux_2_17_x86_64.manylinux2014_x86_64.whl.metadata (6.6 kB)
Collecting typing-inspection>=0.4.2 (from pydantic!=1.8,!=1.8.1,!=2.0.0,!=2.0.1,!=2.1.0,<3.0.0,>=1.7.4->fastapi==0.115.6->-r requirements.txt (line 1))
  Downloading typing_inspection-0.4.2-py3-none-any.whl.metadata (2.6 kB)
Collecting anyio<5,>=3.4.0 (from starlette<0.42.0,>=0.40.0->fastapi==0.115.6->-r requirements.txt (line 1))
  Downloading anyio-4.13.0-py3-none-any.whl.metadata (4.5 kB)
Collecting idna>=2.8 (from anyio<5,>=3.4.0->starlette<0.42.0,>=0.40.0->fastapi==0.115.6->-r requirements.txt (line 1))
  Downloading idna-3.18-py3-none-any.whl.metadata (6.1 kB)
Downloading fastapi-0.115.6-py3-none-any.whl (94 kB)
   ━━━━━━━━━━━━━━━━━━━━━━━━━━━━━━━━━━━━━━━━ 94.8/94.8 kB 16.4 MB/s eta 0:00:00
Downloading uvicorn-0.34.0-py3-none-any.whl (62 kB)
   ━━━━━━━━━━━━━━━━━━━━━━━━━━━━━━━━━━━━━━━━ 62.3/62.3 kB 24.1 MB/s eta 0:00:00
Downloading SQLAlchemy-2.0.36-cp312-cp312-manylinux_2_17_x86_64.manylinux2014_x86_64.whl (3.2 MB)
   ━━━━━━━━━━━━━━━━━━━━━━━━━━━━━━━━━━━━━━━━ 3.2/3.2 MB 9.2 MB/s eta 0:00:00
Downloading jinja2-3.1.4-py3-none-any.whl (133 kB)
   ━━━━━━━━━━━━━━━━━━━━━━━━━━━━━━━━━━━━━━━━ 133.3/133.3 kB 14.7 MB/s eta 0:00:00
Downloading python_multipart-0.0.20-py3-none-any.whl (24 kB)
Downloading itsdangerous-2.2.0-py3-none-any.whl (16 kB)
Downloading click-8.4.1-py3-none-any.whl (116 kB)
   ━━━━━━━━━━━━━━━━━━━━━━━━━━━━━━━━━━━━━━━━ 116.6/116.6 kB 16.2 MB/s eta 0:00:00
Downloading greenlet-3.5.1-cp312-cp312-manylinux_2_24_x86_64.manylinux_2_28_x86_64.whl (611 kB)
   ━━━━━━━━━━━━━━━━━━━━━━━━━━━━━━━━━━━━━━━━ 611.4/611.4 kB 22.6 MB/s eta 0:00:00
Downloading h11-0.16.0-py3-none-any.whl (37 kB)
Downloading markupsafe-3.0.3-cp312-cp312-manylinux2014_x86_64.manylinux_2_17_x86_64.manylinux_2_28_x86_64.whl (22 kB)
Downloading pydantic-2.13.4-py3-none-any.whl (472 kB)
   ━━━━━━━━━━━━━━━━━━━━━━━━━━━━━━━━━━━━━━━━ 472.3/472.3 kB 16.2 MB/s eta 0:00:00
Downloading pydantic_core-2.46.4-cp312-cp312-manylinux_2_17_x86_64.manylinux2014_x86_64.whl (2.1 MB)
   ━━━━━━━━━━━━━━━━━━━━━━━━━━━━━━━━━━━━━━━━ 2.1/2.1 MB 28.2 MB/s eta 0:00:00
Downloading starlette-0.41.3-py3-none-any.whl (73 kB)
   ━━━━━━━━━━━━━━━━━━━━━━━━━━━━━━━━━━━━━━━━ 73.2/73.2 kB 25.9 MB/s eta 0:00:00
Downloading typing_extensions-4.15.0-py3-none-any.whl (44 kB)
   ━━━━━━━━━━━━━━━━━━━━━━━━━━━━━━━━━━━━━━━━ 44.6/44.6 kB 16.8 MB/s eta 0:00:00
Downloading annotated_types-0.7.0-py3-none-any.whl (13 kB)
Downloading anyio-4.13.0-py3-none-any.whl (114 kB)
   ━━━━━━━━━━━━━━━━━━━━━━━━━━━━━━━━━━━━━━━━ 114.4/114.4 kB 19.3 MB/s eta 0:00:00
Downloading typing_inspection-0.4.2-py3-none-any.whl (14 kB)
Downloading idna-3.18-py3-none-any.whl (65 kB)
   ━━━━━━━━━━━━━━━━━━━━━━━━━━━━━━━━━━━━━━━━ 65.5/65.5 kB 26.5 MB/s eta 0:00:00
Installing collected packages: typing-extensions, python-multipart, MarkupSafe, itsdangerous, idna, h11, greenlet, click, annotated-types, uvicorn, typing-inspection, SQLAlchemy, pydantic-core, Jinja2, anyio, starlette, pydantic, fastapi
Successfully installed Jinja2-3.1.4 MarkupSafe-3.0.3 SQLAlchemy-2.0.36 annotated-types-0.7.0 anyio-4.13.0 click-8.4.1 fastapi-0.115.6 greenlet-3.5.1 h11-0.16.0 idna-3.18 itsdangerous-2.2.0 pydantic-2.13.4 pydantic-core-2.46.4 python-multipart-0.0.20 starlette-0.41.3 typing-extensions-4.15.0 typing-inspection-0.4.2 uvicorn-0.34.0
