>>> Starting Agent Boot Sequence...
[1/6] Checking User Account               [OK]
   ... Running as service user 'heejun_kim' (uid=1000)
[2/6] Verifying Environment Variables     [OK]
   ... All required Envs correct
[3/6] Checking Required Files             [OK]
   ... Verified 'secret.key' with correct key string.
[4/6] Checking Port Availability          [OK]
   ... Port 15034 is available.
[5/6] Verifying Log Permission            [OK]
   ... Log directory is writable: /tmp/agent-leak-lab/logs
[6/6] Verifying Mission Environment       [OK]
   ... MEMORY_LIMIT=128MB, CPU_MAX_OCCUPY=30%, MULTI_THREAD_ENABLE=False
------------------------------------------------------------
All Boot Checks Passed!
Agent READY
2026-06-07 21:02:16,274 [INFO] [SafetyGuard] Process priority lowered (nice=10).
2026-06-07 21:02:16,275 [INFO] Agent listening at port 15034

==================================================
 [ Agent Initiate ] Resource Check 
==================================================
 [ MEMORY ] Limit: 128MB 		[ WARNING: Recommend Over 256MB ]
 [ CPU    ] Limit: 30%  		[ OK ]
 [ THREAD ] Concurrency: False 		[ OK ]
--------------------------------------------------
 >>> SYSTEM STATUS: STABLE. STARTING WORKLOAD MONITORING...
==================================================

2026-06-07 21:02:18,296 [INFO] [MemoryWorker] Current Heap: 25MB
2026-06-07 21:02:21,322 [INFO] [MemoryWorker] Current Heap: 50MB
2026-06-07 21:02:24,335 [INFO] [MemoryWorker] Current Heap: 75MB
2026-06-07 21:02:27,362 [INFO] [MemoryWorker] Current Heap: 100MB
2026-06-07 21:02:30,377 [INFO] [MemoryWorker] Current Heap: 125MB
2026-06-07 21:02:33,403 [INFO] [MemoryWorker] Current Heap: 150MB
2026-06-07 21:02:33,404 [CRITICAL] [MemoryGuard] Memory limit exceeded (150MB >= 128MB) / (Recommend Over 256MB)
2026-06-07 21:02:33,404 [CRITICAL] [MemoryGuard] Self-terminating process 1073 to prevent system instability.
